
> denanath@0.1.0 build
> next build

node.exe : ΓÜá Warning: Next.js inferred your workspace root, but it may not be correct.
At C:\Program Files\nodejs\npm.ps1:29 char:3
+   & $NODE_EXE $NPM_CLI_JS $args
+   ~~~~~~~~~~~~~~~~~~~~~~~~~~~~~
    + CategoryInfo          : NotSpecified: (ΓÜá Warning: Ne...not be correct.:String) [], RemoteException
    + FullyQualifiedErrorId : NativeCommandError
 
 We detected multiple lockfiles and selected the directory of C:\Users\91870\Desktop\globalwebify\package-lock.json as 
the root directory.
 To silence this warning, set `turbopack.root` in your Next.js config, or consider removing one of the lockfiles if 
it's not needed.
   See https://nextjs.org/docs/app/api-reference/config/next-config-js/turbopack#root-directory for more information.
 Detected additional lockfiles: 
   * C:\Users\91870\Desktop\globalwebify\denanath\package-lock.json

Γû▓ Next.js 16.2.6 (Turbopack)
- Environments: .env

  Creating an optimized production build ...
Γ£ô Compiled successfully in 2.1min
  Skipping validation of types
  Finished TypeScript config validation in 2.6s ...
  Collecting page data using 7 workers ...
  Generating static pages using 7 workers (0/35) ...
prisma:query SELECT `u523255408_deenanath`.`SiteSetting`.`key`, `u523255408_deenanath`.`SiteSetting`.`value`, `u523255408_deenanath`.`SiteSetting`.`updatedAt` FROM `u523255408_deenanath`.`SiteSetting` WHERE (`u523255408_deenanath`.`SiteSetting`.`key` = ? AND 1=1) LIMIT ? OFFSET ?
prisma:query SELECT `u523255408_deenanath`.`SiteSetting`.`key`, `u523255408_deenanath`.`SiteSetting`.`value`, `u523255408_deenanath`.`SiteSetting`.`updatedAt` FROM `u523255408_deenanath`.`SiteSetting` WHERE (`u523255408_deenanath`.`SiteSetting`.`key` = ? AND 1=1) LIMIT ? OFFSET ?
prisma:query SELECT `u523255408_deenanath`.`SiteSetting`.`key`, `u523255408_deenanath`.`SiteSetting`.`value`, `u523255408_deenanath`.`SiteSetting`.`updatedAt` FROM `u523255408_deenanath`.`SiteSetting` WHERE (`u523255408_deenanath`.`SiteSetting`.`key` = ? AND 1=1) LIMIT ? OFFSET ?
prisma:query SELECT `u523255408_deenanath`.`SiteSetting`.`key`, `u523255408_deenanath`.`SiteSetting`.`value`, `u523255408_deenanath`.`SiteSetting`.`updatedAt` FROM `u523255408_deenanath`.`SiteSetting` WHERE (`u523255408_deenanath`.`SiteSetting`.`key` = ? AND 1=1) LIMIT ? OFFSET ?
prisma:query SELECT `u523255408_deenanath`.`SiteSetting`.`key`, `u523255408_deenanath`.`SiteSetting`.`value`, `u523255408_deenanath`.`SiteSetting`.`updatedAt` FROM `u523255408_deenanath`.`SiteSetting` WHERE (`u523255408_deenanath`.`SiteSetting`.`key` = ? AND 1=1) LIMIT ? OFFSET ?
  Generating static pages using 7 workers (8/35) 
  Generating static pages using 7 workers (17/35) 
prisma:query SELECT `u523255408_deenanath`.`SiteSetting`.`key`, `u523255408_deenanath`.`SiteSetting`.`value`, `u523255408_deenanath`.`SiteSetting`.`updatedAt` FROM `u523255408_deenanath`.`SiteSetting` WHERE (`u523255408_deenanath`.`SiteSetting`.`key` = ? AND 1=1) LIMIT ? OFFSET ?
prisma:query SELECT `u523255408_deenanath`.`SiteSetting`.`key`, `u523255408_deenanath`.`SiteSetting`.`value`, `u523255408_deenanath`.`SiteSetting`.`updatedAt` FROM `u523255408_deenanath`.`SiteSetting` WHERE (`u523255408_deenanath`.`SiteSetting`.`key` = ? AND 1=1) LIMIT ? OFFSET ?
prisma:query SELECT `u523255408_deenanath`.`SiteSetting`.`key`, `u523255408_deenanath`.`SiteSetting`.`value`, `u523255408_deenanath`.`SiteSetting`.`updatedAt` FROM `u523255408_deenanath`.`SiteSetting` WHERE (`u523255408_deenanath`.`SiteSetting`.`key` = ? AND 1=1) LIMIT ? OFFSET ?
prisma:query SELECT `u523255408_deenanath`.`SiteSetting`.`key`, `u523255408_deenanath`.`SiteSetting`.`value`, `u523255408_deenanath`.`SiteSetting`.`updatedAt` FROM `u523255408_deenanath`.`SiteSetting` WHERE (`u523255408_deenanath`.`SiteSetting`.`key` = ? AND 1=1) LIMIT ? OFFSET ?
prisma:query SELECT `u523255408_deenanath`.`SiteSetting`.`key`, `u523255408_deenanath`.`SiteSetting`.`value`, `u523255408_deenanath`.`SiteSetting`.`updatedAt` FROM `u523255408_deenanath`.`SiteSetting` WHERE (`u523255408_deenanath`.`SiteSetting`.`key` = ? AND 1=1) LIMIT ? OFFSET ?
prisma:query SELECT `u523255408_deenanath`.`SiteSetting`.`key`, `u523255408_deenanath`.`SiteSetting`.`value`, `u523255408_deenanath`.`SiteSetting`.`updatedAt` FROM `u523255408_deenanath`.`SiteSetting` WHERE (`u523255408_deenanath`.`SiteSetting`.`key` = ? AND 1=1) LIMIT ? OFFSET ?
prisma:query SELECT `u523255408_deenanath`.`SiteSetting`.`key`, `u523255408_deenanath`.`SiteSetting`.`value`, `u523255408_deenanath`.`SiteSetting`.`updatedAt` FROM `u523255408_deenanath`.`SiteSetting` WHERE (`u523255408_deenanath`.`SiteSetting`.`key` = ? AND 1=1) LIMIT ? OFFSET ?
  Generating static pages using 7 workers (26/35) 
Γ£ô Generating static pages using 7 workers (35/35) in 6.5s
  Finalizing page optimization ...

Route (app)
Γöî Γùï /
Γö£ Γùï /_not-found
Γö£ ╞Æ /about-hospital
Γö£ ╞Æ /academics
Γö£ ╞Æ /accreditations
Γö£ ╞Æ /admin
Γö£ Γùï /admin/about
Γö£ ╞Æ /admin/about/about-hospital
Γö£ ╞Æ /admin/about/accreditations
Γö£ ╞Æ /admin/about/associates
Γö£ ╞Æ /admin/about/charity-details
Γö£ ╞Æ /admin/about/foreign-contribution
Γö£ ╞Æ /admin/about/support-donations
Γö£ ╞Æ /admin/about/unique-features
Γö£ Γùï /admin/academics
Γö£ ╞Æ /admin/academics/info
Γö£ ╞Æ /admin/academics/jeevan-rekha
Γö£ ╞Æ /admin/academics/nbems-courses
Γö£ ╞Æ /admin/academics/simulation-center
Γö£ ╞Æ /admin/academics/training-programs
Γö£ Γùï /admin/careers
Γö£ Γùï /admin/contact
Γö£ ╞Æ /admin/departments
Γö£ ╞Æ /admin/departments/[id]
Γö£ Γùï /admin/departments/new
Γö£ ╞Æ /admin/doctors
Γö£ ╞Æ /admin/doctors/[id]
Γö£ Γùï /admin/login
Γö£ Γùï /admin/online-facilities
Γö£ ╞Æ /admin/online-facilities/email-login
Γö£ ╞Æ /admin/online-facilities/online-payment
Γö£ ╞Æ /admin/online-facilities/patient-portal
Γö£ ╞Æ /admin/online-facilities/patient-registration
Γö£ Γùï /admin/patient-visitors
Γö£ ╞Æ /admin/patient-visitors/facilities
Γö£ ╞Æ /admin/patient-visitors/feedbacks
Γö£ ╞Æ /admin/patient-visitors/gallery-photos
Γö£ ╞Æ /admin/patient-visitors/gallery-videos
Γö£ ╞Æ /admin/patient-visitors/health-packages
Γö£ ╞Æ /admin/patient-visitors/in-patient
Γö£ ╞Æ /admin/patient-visitors/out-patient
Γö£ ╞Æ /admin/patient-visitors/patient-rights
Γö£ Γùï /admin/research
Γö£ ╞Æ /admin/research/about
Γö£ ╞Æ /admin/research/annual-reports
Γö£ ╞Æ /admin/research/awards
Γö£ ╞Æ /admin/research/newsletter-articles
Γö£ ╞Æ /admin/research/publications
Γö£ ╞Æ /admin/research/research-contact
Γö£ ╞Æ /admin/research/sponsors-cros
Γö£ ╞Æ /admin/research/training-events
Γö£ ╞Æ /admin/services
Γö£ ╞Æ /admin/services/[id]
Γö£ Γùï /admin/services/new
Γö£ Γùï /annual-reports
Γö£ ╞Æ /api/doctors
Γö£ ╞Æ /api/doctors/[id]
Γö£ Γùï /appointments
Γö£ ╞Æ /associates
Γö£ Γùï /awards
Γö£ Γùï /blogs
Γö£ Γùï /book-appointment
Γö£ Γùï /careers
Γö£ ╞Æ /charity-details
Γö£ Γùï /contact
Γö£ Γùï /contact-us
Γö£ ╞Æ /department-details
Γö£ ╞Æ /departments
Γö£ Γùï /doctor-details
Γö£ ╞Æ /doctors-departments
Γö£ Γùï /email-login
Γö£ ╞Æ /facilities
Γö£ ╞Æ /feedbacks
Γö£ ╞Æ /foreign-contribution
Γö£ ╞Æ /gallery-photos
Γö£ ╞Æ /gallery-videos
Γö£ ╞Æ /health-packages
Γö£ ╞Æ /in-patient
Γö£ ╞Æ /jeevan-rekha
Γö£ ╞Æ /nbems-courses
Γö£ Γùï /newsletter-articles
Γö£ Γùï /online-payment
Γö£ ╞Æ /out-patient
Γö£ Γùï /patient-guide
Γö£ Γùï /patient-portal
Γö£ Γùï /patient-registration
Γö£ ╞Æ /patient-rights
Γö£ Γùï /patient-visitors
Γö£ Γùï /publications
Γö£ Γùï /research-about
Γö£ Γùï /research-contact
Γö£ ╞Æ /services
Γö£ ╞Æ /simulation-center
Γö£ Γùï /sponsors-cros
Γö£ ╞Æ /supportHospitalDonations
Γö£ Γùï /training-events
Γö£ ╞Æ /training-programs
Γöö ╞Æ /unique-features


Γùï  (Static)   prerendered as static content
╞Æ  (Dynamic)  server-rendered on demand

